[1m[2m# Unformatted Error Output:[22m[22m
[2m# [22m[2mFile "tests/file_SyntaxError/file_SyntaxError_7.re", line 20, characters 22-23:[22m
[2m# [22m[2mError: 1499: <syntax error>[22m


[31m[1m[7m ERROR [27m[22m[39m [36m[4mtests/file_SyntaxError/file_SyntaxError_7.re[24m[39m[2m[4m:20 22-23[24m[22m 

[2m17 â”† [22m[2m    fun[22m
[2m18 â”† [22m[2m    | [22m[34m[2mReact[22m[39m[2m.[22m[34m[2mChanged[22m[39m[2m(s)[22m[31m[2m => [22m[39m[2ms,[22m
[2m19 â”† [22m[2m    [22m[34m[2mReact[22m[39m[2m.[22m[34m[2mOne[22m[39m[2m([22m[34m[2mDom[22m[39m[2m.div([22m[33m[2m~className[22m[39m[2m=[22m[32m[2m"helloClass"[22m[39m[2m, [22m[34m[2mEmpty[22m[39m[2m)),[22m
[31m[2m20 â”† [22m[39m[2m  ) : [22m[34m[2mReact[22m[39m[2m.elem(tree)[22m[31m[1m[4m;[24m[22m[39m
[2m21 â”† [22m[2m};[22m



[1m[2m# Unformatted Error Output:[22m[22m
[2m# [22m[2mFile "tests/file_SyntaxError/file_SyntaxError_7.re", line 1:[22m
[2m# [22m[2mError: Error while running external preprocessor[22m


[31m[1m[7m ERROR [27m[22m[39m [36m[4mtests/file_SyntaxError/file_SyntaxError_7.re[24m[39m[2m[4m:1 0-0[24m[22m 

[31m[2m 1 â”† [22m[39m[35m[2mmodule[22m[39m[2m [22m[34m[2mInput[22m[39m[2m: {[22m
[2m 2 â”† [22m[2m  /*[22m
[2m 3 â”† [22m[2m   * [22m[34m[2mComponents[22m[39m[2m that don't accept [22m[34m[2mChildren[22m[39m[2m, would not have parameterized[22m
[2m 4 â”† [22m[2m   * `element`. [22m[34m[2mChild[22m[39m[2m-accepting components would.[22m



Command line: refmt 'tests/file_SyntaxError/file_SyntaxError_7.re' > /var/folders/ty/3n7_qfdn767dqdzjs76k9mm1brfmx_/T/ocamlppe64713

